=~=~=~=~=~=~=~=~=~=~=~= PuTTY log 2020.05.25 10:53:53 =~=~=~=~=~=~=~=~=~=~=~=
login as: ec2-user
Authenticating with public key "H2o_instance"
Last login: Mon May 25 14:41:58 2020 from c-73-38-1-77.hsd1.ma.comcast.net

       __|  __|_  )
       _|  (     /   Amazon Linux AMI
      ___|\___|___|

https://aws.amazon.com/amazon-linux-ami/2018.03-release-notes/
]0;ec2-user@ip-10-1-10-6:~[?1034h[ec2-user@ip-10-1-10-6 ~]$ mysql -h udacity-rds.c0ahkrzsk3yt.us-east-1.rds.amazo naws.com -P 3306 -u admin -p
Enter password: 
Welcome to the MySQL monitor.  Commands end with ; or \g.
Your MySQL connection id is 306
Server version: 5.7.22-log Source distribution

Copyright (c) 2000, 2019, Oracle and/or its affiliates. All rights reserved.

Oracle is a registered trademark of Oracle Corporation and/or its
affiliates. Other names may be trademarks of their respective
owners.

Type 'help;' or '\h' for help. Type '\c' to clear the current input statement.

mysql> show databases;
+--------------------+
| Database           |
+--------------------+
| information_schema |
| innodb             |
| mysql              |
| performance_schema |
| sys                |
| udacity            |
+--------------------+
6 rows in set (0.00 sec)

mysql> udacity
    -> ;
ERROR 1064 (42000): You have an error in your SQL syntax; check the manual that corresponds to your MySQL server version for the right syntax to use near 'udacity' at line 1
mysql> use udacity;
Database changed
mysql> create table sample[K[K[K[K[K[K[K[K[K[K[K[K[K[K[K[K[Kshow da[K[Ktables;
Empty set (0.00 sec)

mysql> create table cases_by_city ( name[K[K[K[Kcity varchar(20), number[K[K[K[K[Ko_of_cases([K int[K[K[Ksmallint[K[K[K[K[K[K[K[Kinteger) ;
Query OK, 0 rows affected (0.06 sec)

mysql> inste[K[Kert into cases_by_city
    -> values ( ('Boston')[K,2000),('Medford',250));
ERROR 1241 (21000): Operand should contain 1 column(s)
mysql> insert into cases_by_city values ( ('Boston',2000),('Medford',250));[P([P'('Boston',2000),('Medford',250));[K
Query OK, 2 rows affected (0.02 sec)
Records: 2  Duplicates: 0  Warnings: 0

mysql> select * from cases_by_city;
+---------+-------------+
| city    | no_of_cases |
+---------+-------------+
| Boston  |        2000 |
| Medford |         250 |
+---------+-------------+
2 rows in set (0.00 sec)

mysql> exit
Bye
]0;ec2-user@ip-10-1-10-6:~[ec2-user@ip-10-1-10-6 ~]$ exit
logout
